<html>
<body>
<pre>
<h1>µVision Build Log</h1>
<h2>Project:</h2>
F:\Ä£¿é×ÊÁÏ\ENC28J60 Ethernet Board\code\ENC28J60\MDK_Project\Project.uvproj
Project File Date:  08/26/2011

<h2>Output:</h2>
Build target 'Target 1'
compiling main.c...
compiling stm32f10x_it.c...
compiling usart.c...
compiling stm32f10x_gpio.c...
compiling stm32f10x_rcc.c...
compiling stm32f10x_usart.c...
compiling stm32f10x_spi.c...
compiling core_cm3.c...
compiling system_stm32f10x.c...
assembling startup_stm32f10x_hd.s...
compiling ip_arp_udp_tcp.c...
..\User\Net\ip_arp_udp_tcp.c(434): warning:  #1293-D: assignment in condition
compiling simple_server.c...
..\User\Net\simple_server.c(92): warning:  #167-D: argument of type "u8 *" is incompatible with parameter of type "char *restrict"
..\User\Net\simple_server.c(102): warning:  #167-D: argument of type "u8 *" is incompatible with parameter of type "char *restrict"
compiling ENC28J60.C...
compiling SPI.C...
..\User\enc28j60\SPI.C(13): error:  #268: declaration may not appear after executable statement in block
..\User\enc28j60\SPI.C(13): error:  #20: identifier "mm" is undefined
..\User\enc28j60\SPI.C(14): error:  #79: expected a type specifier
..\User\enc28j60\SPI.C(14): error:  #757: constant "ENABLE" is not a type name
Target not created
Build target 'Target 1'
compiling SPI.C...
linking...
Program Size: Code=7436 RO-data=456 RW-data=96 ZI-data=3136  
FromELF: creating hex file...
".\Out\Project.axf" - 0 Error(s), 0 Warning(s).
Clean started: Project: 'Project'
   deleting intermediate output files for target 'Target 1'
